// Jest Snapshot v1, https://goo.gl/fbAQLP

exports[`Testing App component renders without crashing 1`] = `<ExponentAppLoading />`;
